[error] `inotify-tools` is needed to run `file_system` for your system, check https://github.com/rvoicilas/inotify-tools/wiki for more information about how to install it. If it's already installed but not be found, appoint executable file with `config.exs` or `FILESYSTEM_FSINOTIFY_EXECUTABLE_FILE` env.
[warning] Not able to start file_system worker, reason: {:error, :fs_inotify_bootstrap_error}
[warning] Could not start Phoenix live-reload because we cannot listen to the file system.
You don't need to worry! This is an optional feature used during development to
refresh your browser when you save files and it does not affect production.

[error] :gen_statem #PID<0.334.0> terminating
** (KeyError) key :password not found in: [
  parameters: [],
  pool_index: 9,
  types: Postgrex.DefaultTypes,
  port: 5432,
  label: SimpleJournalSystem.Repo,
  pool: DBConnection.ConnectionPool,
  repo: SimpleJournalSystem.Repo,
  telemetry_prefix: [:simple_journal_system, :repo],
  otp_app: :simple_journal_system,
  timeout: 15000,
  username: "postgres",
  hostname: "localhost",
  database: "ojs_db_pg",
  stacktrace: true,
  show_sensitive_data_on_connection_error: true,
  pool_size: 10
]
    (elixir 1.17.3) lib/keyword.ex:602: Keyword.fetch!/2
    (postgrex 0.22.3) lib/postgrex/scram.ex:24: Postgrex.SCRAM.client_final/2
    (postgrex 0.22.3) lib/postgrex/protocol.ex:937: Postgrex.Protocol.auth_cont/4
    (postgrex 0.22.3) lib/postgrex/protocol.ex:774: Postgrex.Protocol.handshake/3
    (postgrex 0.22.3) lib/postgrex/protocol.ex:231: Postgrex.Protocol.connect_endpoints/6
    (db_connection 2.10.2) lib/db_connection/connection.ex:81: DBConnection.Connection.handle_event/4
    (stdlib 6.0) gen_statem.erl:3115: :gen_statem.loop_state_callback/11
    (stdlib 6.0) proc_lib.erl:329: :proc_lib.init_p_do_apply/3
Process Label: "db_conn_9"
Queue: [internal: {:connect, :init}]
Postponed: []
State: Postgrex.Protocol
Callback mode: &DBConnection.Connection.handle_event/4, state_enter: false
[error] :gen_statem #PID<0.335.0> terminating
** (KeyError) key :password not found in: [
  parameters: [],
  pool_index: 10,
  types: Postgrex.DefaultTypes,
  port: 5432,
  label: SimpleJournalSystem.Repo,
  pool: DBConnection.ConnectionPool,
  repo: SimpleJournalSystem.Repo,
  telemetry_prefix: [:simple_journal_system, :repo],
  otp_app: :simple_journal_system,
  timeout: 15000,
  username: "postgres",
  hostname: "localhost",
  database: "ojs_db_pg",
  stacktrace: true,
  show_sensitive_data_on_connection_error: true,
  pool_size: 10
]
    (elixir 1.17.3) lib/keyword.ex:602: Keyword.fetch!/2
    (postgrex 0.22.3) lib/postgrex/scram.ex:24: Postgrex.SCRAM.client_final/2
    (postgrex 0.22.3) lib/postgrex/protocol.ex:937: Postgrex.Protocol.auth_cont/4
    (postgrex 0.22.3) lib/postgrex/protocol.ex:774: Postgrex.Protocol.handshake/3
    (postgrex 0.22.3) lib/postgrex/protocol.ex:231: Postgrex.Protocol.connect_endpoints/6
    (db_connection 2.10.2) lib/db_connection/connection.ex:81: DBConnection.Connection.handle_event/4
    (stdlib 6.0) gen_statem.erl:3115: :gen_statem.loop_state_callback/11
    (stdlib 6.0) proc_lib.erl:329: :proc_lib.init_p_do_apply/3
Process Label: "db_conn_10"
Queue: [internal: {:connect, :init}]
Postponed: []
State: Postgrex.Protocol
Callback mode: &DBConnection.Connection.handle_event/4, state_enter: false
[error] :gen_statem #PID<0.326.0> terminating
** (KeyError) key :password not found in: [
  parameters: [],
  pool_index: 1,
  types: Postgrex.DefaultTypes,
  port: 5432,
  label: SimpleJournalSystem.Repo,
  pool: DBConnection.ConnectionPool,
  repo: SimpleJournalSystem.Repo,
  telemetry_prefix: [:simple_journal_system, :repo],
  otp_app: :simple_journal_system,
  timeout: 15000,
  username: "postgres",
  hostname: "localhost",
  database: "ojs_db_pg",
  stacktrace: true,
  show_sensitive_data_on_connection_error: true,
  pool_size: 10
]
    (elixir 1.17.3) lib/keyword.ex:602: Keyword.fetch!/2
    (postgrex 0.22.3) lib/postgrex/scram.ex:24: Postgrex.SCRAM.client_final/2
    (postgrex 0.22.3) lib/postgrex/protocol.ex:937: Postgrex.Protocol.auth_cont/4
    (postgrex 0.22.3) lib/postgrex/protocol.ex:774: Postgrex.Protocol.handshake/3
    (postgrex 0.22.3) lib/postgrex/protocol.ex:231: Postgrex.Protocol.connect_endpoints/6
    (db_connection 2.10.2) lib/db_connection/connection.ex:81: DBConnection.Connection.handle_event/4
    (stdlib 6.0) gen_statem.erl:3115: :gen_statem.loop_state_callback/11
    (stdlib 6.0) proc_lib.erl:329: :proc_lib.init_p_do_apply/3
Process Label: "db_conn_1"
Queue: [internal: {:connect, :init}]
Postponed: []
State: Postgrex.Protocol
Callback mode: &DBConnection.Connection.handle_event/4, state_enter: false
[error] :gen_statem #PID<0.331.0> terminating
** (KeyError) key :password not found in: [
  parameters: [],
  pool_index: 6,
  types: Postgrex.DefaultTypes,
  port: 5432,
  label: SimpleJournalSystem.Repo,
  pool: DBConnection.ConnectionPool,
  repo: SimpleJournalSystem.Repo,
  telemetry_prefix: [:simple_journal_system, :repo],
  otp_app: :simple_journal_system,
  timeout: 15000,
  username: "postgres",
  hostname: "localhost",
  database: "ojs_db_pg",
  stacktrace: true,
  show_sensitive_data_on_connection_error: true,
  pool_size: 10
]
    (elixir 1.17.3) lib/keyword.ex:602: Keyword.fetch!/2
    (postgrex 0.22.3) lib/postgrex/scram.ex:24: Postgrex.SCRAM.client_final/2
    (postgrex 0.22.3) lib/postgrex/protocol.ex:937: Postgrex.Protocol.auth_cont/4
    (postgrex 0.22.3) lib/postgrex/protocol.ex:774: Postgrex.Protocol.handshake/3
    (postgrex 0.22.3) lib/postgrex/protocol.ex:231: Postgrex.Protocol.connect_endpoints/6
    (db_connection 2.10.2) lib/db_connection/connection.ex:81: DBConnection.Connection.handle_event/4
    (stdlib 6.0) gen_statem.erl:3115: :gen_statem.loop_state_callback/11
    (stdlib 6.0) proc_lib.erl:329: :proc_lib.init_p_do_apply/3
Process Label: "db_conn_6"
Queue: [internal: {:connect, :init}]
Postponed: []
State: Postgrex.Protocol
Callback mode: &DBConnection.Connection.handle_event/4, state_enter: false
[error] :gen_statem #PID<0.332.0> terminating
** (KeyError) key :password not found in: [
  parameters: [],
  pool_index: 7,
  types: Postgrex.DefaultTypes,
  port: 5432,
  label: SimpleJournalSystem.Repo,
  pool: DBConnection.ConnectionPool,
  repo: SimpleJournalSystem.Repo,
  telemetry_prefix: [:simple_journal_system, :repo],
  otp_app: :simple_journal_system,
  timeout: 15000,
  username: "postgres",
  hostname: "localhost",
  database: "ojs_db_pg",
  stacktrace: true,
  show_sensitive_data_on_connection_error: true,
  pool_size: 10
]
    (elixir 1.17.3) lib/keyword.ex:602: Keyword.fetch!/2
    (postgrex 0.22.3) lib/postgrex/scram.ex:24: Postgrex.SCRAM.client_final/2
    (postgrex 0.22.3) lib/postgrex/protocol.ex:937: Postgrex.Protocol.auth_cont/4
    (postgrex 0.22.3) lib/postgrex/protocol.ex:774: Postgrex.Protocol.handshake/3
    (postgrex 0.22.3) lib/postgrex/protocol.ex:231: Postgrex.Protocol.connect_endpoints/6
    (db_connection 2.10.2) lib/db_connection/connection.ex:81: DBConnection.Connection.handle_event/4
    (stdlib 6.0) gen_statem.erl:3115: :gen_statem.loop_state_callback/11
    (stdlib 6.0) proc_lib.erl:329: :proc_lib.init_p_do_apply/3
Process Label: "db_conn_7"
Queue: [internal: {:connect, :init}]
Postponed: []
State: Postgrex.Protocol
Callback mode: &DBConnection.Connection.handle_event/4, state_enter: false
[error] :gen_statem #PID<0.330.0> terminating
** (KeyError) key :password not found in: [
  parameters: [],
  pool_index: 5,
  types: Postgrex.DefaultTypes,
  port: 5432,
  label: SimpleJournalSystem.Repo,
  pool: DBConnection.ConnectionPool,
  repo: SimpleJournalSystem.Repo,
  telemetry_prefix: [:simple_journal_system, :repo],
  otp_app: :simple_journal_system,
  timeout: 15000,
  username: "postgres",
  hostname: "localhost",
  database: "ojs_db_pg",
  stacktrace: true,
  show_sensitive_data_on_connection_error: true,
  pool_size: 10
]
    (elixir 1.17.3) lib/keyword.ex:602: Keyword.fetch!/2
    (postgrex 0.22.3) lib/postgrex/scram.ex:24: Postgrex.SCRAM.client_final/2
    (postgrex 0.22.3) lib/postgrex/protocol.ex:937: Postgrex.Protocol.auth_cont/4
    (postgrex 0.22.3) lib/postgrex/protocol.ex:774: Postgrex.Protocol.handshake/3
    (postgrex 0.22.3) lib/postgrex/protocol.ex:231: Postgrex.Protocol.connect_endpoints/6
    (db_connection 2.10.2) lib/db_connection/connection.ex:81: DBConnection.Connection.handle_event/4
    (stdlib 6.0) gen_statem.erl:3115: :gen_statem.loop_state_callback/11
    (stdlib 6.0) proc_lib.erl:329: :proc_lib.init_p_do_apply/3
Process Label: "db_conn_5"
Queue: [internal: {:connect, :init}]
Postponed: []
State: Postgrex.Protocol
Callback mode: &DBConnection.Connection.handle_event/4, state_enter: false
[error] :gen_statem #PID<0.329.0> terminating
** (KeyError) key :password not found in: [
  parameters: [],
  pool_index: 4,
  types: Postgrex.DefaultTypes,
  port: 5432,
  label: SimpleJournalSystem.Repo,
  pool: DBConnection.ConnectionPool,
  repo: SimpleJournalSystem.Repo,
  telemetry_prefix: [:simple_journal_system, :repo],
  otp_app: :simple_journal_system,
  timeout: 15000,
  username: "postgres",
  hostname: "localhost",
  database: "ojs_db_pg",
  stacktrace: true,
  show_sensitive_data_on_connection_error: true,
  pool_size: 10
]
    (elixir 1.17.3) lib/keyword.ex:602: Keyword.fetch!/2
    (postgrex 0.22.3) lib/postgrex/scram.ex:24: Postgrex.SCRAM.client_final/2
    (postgrex 0.22.3) lib/postgrex/protocol.ex:937: Postgrex.Protocol.auth_cont/4
    (postgrex 0.22.3) lib/postgrex/protocol.ex:774: Postgrex.Protocol.handshake/3
    (postgrex 0.22.3) lib/postgrex/protocol.ex:231: Postgrex.Protocol.connect_endpoints/6
    (db_connection 2.10.2) lib/db_connection/connection.ex:81: DBConnection.Connection.handle_event/4
    (stdlib 6.0) gen_statem.erl:3115: :gen_statem.loop_state_callback/11
    (stdlib 6.0) proc_lib.erl:329: :proc_lib.init_p_do_apply/3
Process Label: "db_conn_4"
Queue: [internal: {:connect, :init}]
Postponed: []
State: Postgrex.Protocol
Callback mode: &DBConnection.Connection.handle_event/4, state_enter: false
[error] :gen_statem #PID<0.333.0> terminating
** (KeyError) key :password not found in: [
  parameters: [],
  pool_index: 8,
  types: Postgrex.DefaultTypes,
  port: 5432,
  label: SimpleJournalSystem.Repo,
  pool: DBConnection.ConnectionPool,
  repo: SimpleJournalSystem.Repo,
  telemetry_prefix: [:simple_journal_system, :repo],
  otp_app: :simple_journal_system,
  timeout: 15000,
  username: "postgres",
  hostname: "localhost",
  database: "ojs_db_pg",
  stacktrace: true,
  show_sensitive_data_on_connection_error: true,
  pool_size: 10
]
    (elixir 1.17.3) lib/keyword.ex:602: Keyword.fetch!/2
    (postgrex 0.22.3) lib/postgrex/scram.ex:24: Postgrex.SCRAM.client_final/2
    (postgrex 0.22.3) lib/postgrex/protocol.ex:937: Postgrex.Protocol.auth_cont/4
    (postgrex 0.22.3) lib/postgrex/protocol.ex:774: Postgrex.Protocol.handshake/3
    (postgrex 0.22.3) lib/postgrex/protocol.ex:231: Postgrex.Protocol.connect_endpoints/6
    (db_connection 2.10.2) lib/db_connection/connection.ex:81: DBConnection.Connection.handle_event/4
    (stdlib 6.0) gen_statem.erl:3115: :gen_statem.loop_state_callback/11
    (stdlib 6.0) proc_lib.erl:329: :proc_lib.init_p_do_apply/3
Process Label: "db_conn_8"
Queue: [internal: {:connect, :init}]
Postponed: []
State: Postgrex.Protocol
Callback mode: &DBConnection.Connection.handle_event/4, state_enter: false
[error] :gen_statem #PID<0.328.0> terminating
** (KeyError) key :password not found in: [
  parameters: [],
  pool_index: 3,
  types: Postgrex.DefaultTypes,
  port: 5432,
  label: SimpleJournalSystem.Repo,
  pool: DBConnection.ConnectionPool,
  repo: SimpleJournalSystem.Repo,
  telemetry_prefix: [:simple_journal_system, :repo],
  otp_app: :simple_journal_system,
  timeout: 15000,
  username: "postgres",
  hostname: "localhost",
  database: "ojs_db_pg",
  stacktrace: true,
  show_sensitive_data_on_connection_error: true,
  pool_size: 10
]
    (elixir 1.17.3) lib/keyword.ex:602: Keyword.fetch!/2
    (postgrex 0.22.3) lib/postgrex/scram.ex:24: Postgrex.SCRAM.client_final/2
    (postgrex 0.22.3) lib/postgrex/protocol.ex:937: Postgrex.Protocol.auth_cont/4
    (postgrex 0.22.3) lib/postgrex/protocol.ex:774: Postgrex.Protocol.handshake/3
    (postgrex 0.22.3) lib/postgrex/protocol.ex:231: Postgrex.Protocol.connect_endpoints/6
    (db_connection 2.10.2) lib/db_connection/connection.ex:81: DBConnection.Connection.handle_event/4
    (stdlib 6.0) gen_statem.erl:3115: :gen_statem.loop_state_callback/11
    (stdlib 6.0) proc_lib.erl:329: :proc_lib.init_p_do_apply/3
Process Label: "db_conn_3"
Queue: [internal: {:connect, :init}]
Postponed: []
State: Postgrex.Protocol
Callback mode: &DBConnection.Connection.handle_event/4, state_enter: false
[error] :gen_statem #PID<0.327.0> terminating
** (KeyError) key :password not found in: [
  parameters: [],
  pool_index: 2,
  types: Postgrex.DefaultTypes,
  port: 5432,
  label: SimpleJournalSystem.Repo,
  pool: DBConnection.ConnectionPool,
  repo: SimpleJournalSystem.Repo,
  telemetry_prefix: [:simple_journal_system, :repo],
  otp_app: :simple_journal_system,
  timeout: 15000,
  username: "postgres",
  hostname: "localhost",
  database: "ojs_db_pg",
  stacktrace: true,
  show_sensitive_data_on_connection_error: true,
  pool_size: 10
]
    (elixir 1.17.3) lib/keyword.ex:602: Keyword.fetch!/2
    (postgrex 0.22.3) lib/postgrex/scram.ex:24: Postgrex.SCRAM.client_final/2
    (postgrex 0.22.3) lib/postgrex/protocol.ex:937: Postgrex.Protocol.auth_cont/4
    (postgrex 0.22.3) lib/postgrex/protocol.ex:774: Postgrex.Protocol.handshake/3
    (postgrex 0.22.3) lib/postgrex/protocol.ex:231: Postgrex.Protocol.connect_endpoints/6
    (db_connection 2.10.2) lib/db_connection/connection.ex:81: DBConnection.Connection.handle_event/4
    (stdlib 6.0) gen_statem.erl:3115: :gen_statem.loop_state_callback/11
    (stdlib 6.0) proc_lib.erl:329: :proc_lib.init_p_do_apply/3
Process Label: "db_conn_2"
Queue: [internal: {:connect, :init}]
Postponed: []
State: Postgrex.Protocol
Callback mode: &DBConnection.Connection.handle_event/4, state_enter: false
[error] :gen_statem #PID<0.350.0> terminating
** (KeyError) key :password not found in: [
  parameters: [],
  pool_index: 3,
  types: Postgrex.DefaultTypes,
  port: 5432,
  label: SimpleJournalSystem.Repo,
  pool: DBConnection.ConnectionPool,
  repo: SimpleJournalSystem.Repo,
  telemetry_prefix: [:simple_journal_system, :repo],
  otp_app: :simple_journal_system,
  timeout: 15000,
  username: "postgres",
  hostname: "localhost",
  database: "ojs_db_pg",
  stacktrace: true,
  show_sensitive_data_on_connection_error: true,
  pool_size: 10
]
    (elixir 1.17.3) lib/keyword.ex:602: Keyword.fetch!/2
    (postgrex 0.22.3) lib/postgrex/scram.ex:24: Postgrex.SCRAM.client_final/2
    (postgrex 0.22.3) lib/postgrex/protocol.ex:937: Postgrex.Protocol.auth_cont/4
    (postgrex 0.22.3) lib/postgrex/protocol.ex:774: Postgrex.Protocol.handshake/3
    (postgrex 0.22.3) lib/postgrex/protocol.ex:231: Postgrex.Protocol.connect_endpoints/6
    (db_connection 2.10.2) lib/db_connection/connection.ex:81: DBConnection.Connection.handle_event/4
    (stdlib 6.0) gen_statem.erl:3115: :gen_statem.loop_state_callback/11
    (stdlib 6.0) proc_lib.erl:329: :proc_lib.init_p_do_apply/3
Process Label: "db_conn_3"
Queue: [internal: {:connect, :init}]
Postponed: []
State: Postgrex.Protocol
Callback mode: &DBConnection.Connection.handle_event/4, state_enter: false
[error] :gen_statem #PID<0.348.0> terminating
** (KeyError) key :password not found in: [
  parameters: [],
  pool_index: 9,
  types: Postgrex.DefaultTypes,
  port: 5432,
  label: SimpleJournalSystem.Repo,
  pool: DBConnection.ConnectionPool,
  repo: SimpleJournalSystem.Repo,
  telemetry_prefix: [:simple_journal_system, :repo],
  otp_app: :simple_journal_system,
  timeout: 15000,
  username: "postgres",
  hostname: "localhost",
  database: "ojs_db_pg",
  stacktrace: true,
  show_sensitive_data_on_connection_error: true,
  pool_size: 10
]
    (elixir 1.17.3) lib/keyword.ex:602: Keyword.fetch!/2
    (postgrex 0.22.3) lib/postgrex/scram.ex:24: Postgrex.SCRAM.client_final/2
    (postgrex 0.22.3) lib/postgrex/protocol.ex:937: Postgrex.Protocol.auth_cont/4
    (postgrex 0.22.3) lib/postgrex/protocol.ex:774: Postgrex.Protocol.handshake/3
    (postgrex 0.22.3) lib/postgrex/protocol.ex:231: Postgrex.Protocol.connect_endpoints/6
    (db_connection 2.10.2) lib/db_connection/connection.ex:81: DBConnection.Connection.handle_event/4
    (stdlib 6.0) gen_statem.erl:3115: :gen_statem.loop_state_callback/11
    (stdlib 6.0) proc_lib.erl:329: :proc_lib.init_p_do_apply/3
Process Label: "db_conn_9"
Queue: [internal: {:connect, :init}]
Postponed: []
State: Postgrex.Protocol
Callback mode: &DBConnection.Connection.handle_event/4, state_enter: false
[error] :gen_statem #PID<0.349.0> terminating
** (KeyError) key :password not found in: [
  parameters: [],
  pool_index: 2,
  types: Postgrex.DefaultTypes,
  port: 5432,
  label: SimpleJournalSystem.Repo,
  pool: DBConnection.ConnectionPool,
  repo: SimpleJournalSystem.Repo,
  telemetry_prefix: [:simple_journal_system, :repo],
  otp_app: :simple_journal_system,
  timeout: 15000,
  username: "postgres",
  hostname: "localhost",
  database: "ojs_db_pg",
  stacktrace: true,
  show_sensitive_data_on_connection_error: true,
  pool_size: 10
]
    (elixir 1.17.3) lib/keyword.ex:602: Keyword.fetch!/2
    (postgrex 0.22.3) lib/postgrex/scram.ex:24: Postgrex.SCRAM.client_final/2
    (postgrex 0.22.3) lib/postgrex/protocol.ex:937: Postgrex.Protocol.auth_cont/4
    (postgrex 0.22.3) lib/postgrex/protocol.ex:774: Postgrex.Protocol.handshake/3
    (postgrex 0.22.3) lib/postgrex/protocol.ex:231: Postgrex.Protocol.connect_endpoints/6
    (db_connection 2.10.2) lib/db_connection/connection.ex:81: DBConnection.Connection.handle_event/4
    (stdlib 6.0) gen_statem.erl:3115: :gen_statem.loop_state_callback/11
    (stdlib 6.0) proc_lib.erl:329: :proc_lib.init_p_do_apply/3
Process Label: "db_conn_2"
Queue: [internal: {:connect, :init}]
Postponed: []
State: Postgrex.Protocol
Callback mode: &DBConnection.Connection.handle_event/4, state_enter: false
[info] Running SimpleJournalSystemWeb.Endpoint with Bandit 1.12.0 at 127.0.0.1:4000 (http)
[info] Access SimpleJournalSystemWeb.Endpoint at http://localhost:4000
[error] :gen_statem #PID<0.689.0> terminating
** (KeyError) key :password not found in: [
  parameters: [],
  pool_index: 1,
  types: Postgrex.DefaultTypes,
  port: 5432,
  label: SimpleJournalSystem.Repo,
  pool: DBConnection.ConnectionPool,
  repo: SimpleJournalSystem.Repo,
  telemetry_prefix: [:simple_journal_system, :repo],
  otp_app: :simple_journal_system,
  timeout: 15000,
  username: "postgres",
  hostname: "localhost",
  database: "ojs_db_pg",
  stacktrace: true,
  show_sensitive_data_on_connection_error: true,
  pool_size: 10
]
    (elixir 1.17.3) lib/keyword.ex:602: Keyword.fetch!/2
    (postgrex 0.22.3) lib/postgrex/scram.ex:24: Postgrex.SCRAM.client_final/2
    (postgrex 0.22.3) lib/postgrex/protocol.ex:937: Postgrex.Protocol.auth_cont/4
    (postgrex 0.22.3) lib/postgrex/protocol.ex:774: Postgrex.Protocol.handshake/3
    (postgrex 0.22.3) lib/postgrex/protocol.ex:231: Postgrex.Protocol.connect_endpoints/6
    (db_connection 2.10.2) lib/db_connection/connection.ex:81: DBConnection.Connection.handle_event/4
    (stdlib 6.0) gen_statem.erl:3115: :gen_statem.loop_state_callback/11
    (stdlib 6.0) proc_lib.erl:329: :proc_lib.init_p_do_apply/3
Process Label: "db_conn_1"
Queue: [internal: {:connect, :init}]
Postponed: []
State: Postgrex.Protocol
Callback mode: &DBConnection.Connection.handle_event/4, state_enter: false
[error] :gen_statem #PID<0.691.0> terminating
** (KeyError) key :password not found in: [
  parameters: [],
  pool_index: 3,
  types: Postgrex.DefaultTypes,
  port: 5432,
  label: SimpleJournalSystem.Repo,
  pool: DBConnection.ConnectionPool,
  repo: SimpleJournalSystem.Repo,
  telemetry_prefix: [:simple_journal_system, :repo],
  otp_app: :simple_journal_system,
  timeout: 15000,
  username: "postgres",
  hostname: "localhost",
  database: "ojs_db_pg",
  stacktrace: true,
  show_sensitive_data_on_connection_error: true,
  pool_size: 10
]
    (elixir 1.17.3) lib/keyword.ex:602: Keyword.fetch!/2
    (postgrex 0.22.3) lib/postgrex/scram.ex:24: Postgrex.SCRAM.client_final/2
    (postgrex 0.22.3) lib/postgrex/protocol.ex:937: Postgrex.Protocol.auth_cont/4
    (postgrex 0.22.3) lib/postgrex/protocol.ex:774: Postgrex.Protocol.handshake/3
    (postgrex 0.22.3) lib/postgrex/protocol.ex:231: Postgrex.Protocol.connect_endpoints/6
    (db_connection 2.10.2) lib/db_connection/connection.ex:81: DBConnection.Connection.handle_event/4
    (stdlib 6.0) gen_statem.erl:3115: :gen_statem.loop_state_callback/11
    (stdlib 6.0) proc_lib.erl:329: :proc_lib.init_p_do_apply/3
Process Label: "db_conn_3"
Queue: [internal: {:connect, :init}]
Postponed: []
State: Postgrex.Protocol
Callback mode: &DBConnection.Connection.handle_event/4, state_enter: false
[error] :gen_statem #PID<0.696.0> terminating
** (KeyError) key :password not found in: [
  parameters: [],
  pool_index: 8,
  types: Postgrex.DefaultTypes,
  port: 5432,
  label: SimpleJournalSystem.Repo,
  pool: DBConnection.ConnectionPool,
  repo: SimpleJournalSystem.Repo,
  telemetry_prefix: [:simple_journal_system, :repo],
  otp_app: :simple_journal_system,
  timeout: 15000,
  username: "postgres",
  hostname: "localhost",
  database: "ojs_db_pg",
  stacktrace: true,
  show_sensitive_data_on_connection_error: true,
  pool_size: 10
]
    (elixir 1.17.3) lib/keyword.ex:602: Keyword.fetch!/2
    (postgrex 0.22.3) lib/postgrex/scram.ex:24: Postgrex.SCRAM.client_final/2
    (postgrex 0.22.3) lib/postgrex/protocol.ex:937: Postgrex.Protocol.auth_cont/4
    (postgrex 0.22.3) lib/postgrex/protocol.ex:774: Postgrex.Protocol.handshake/3
    (postgrex 0.22.3) lib/postgrex/protocol.ex:231: Postgrex.Protocol.connect_endpoints/6
    (db_connection 2.10.2) lib/db_connection/connection.ex:81: DBConnection.Connection.handle_event/4
    (stdlib 6.0) gen_statem.erl:3115: :gen_statem.loop_state_callback/11
    (stdlib 6.0) proc_lib.erl:329: :proc_lib.init_p_do_apply/3
Process Label: "db_conn_8"
Queue: [internal: {:connect, :init}]
Postponed: []
State: Postgrex.Protocol
Callback mode: &DBConnection.Connection.handle_event/4, state_enter: false
[error] :gen_statem #PID<0.694.0> terminating
** (KeyError) key :password not found in: [
  parameters: [],
  pool_index: 6,
  types: Postgrex.DefaultTypes,
  port: 5432,
  label: SimpleJournalSystem.Repo,
  pool: DBConnection.ConnectionPool,
  repo: SimpleJournalSystem.Repo,
  telemetry_prefix: [:simple_journal_system, :repo],
  otp_app: :simple_journal_system,
  timeout: 15000,
  username: "postgres",
  hostname: "localhost",
  database: "ojs_db_pg",
  stacktrace: true,
  show_sensitive_data_on_connection_error: true,
  pool_size: 10
]
    (elixir 1.17.3) lib/keyword.ex:602: Keyword.fetch!/2
    (postgrex 0.22.3) lib/postgrex/scram.ex:24: Postgrex.SCRAM.client_final/2
    (postgrex 0.22.3) lib/postgrex/protocol.ex:937: Postgrex.Protocol.auth_cont/4
    (postgrex 0.22.3) lib/postgrex/protocol.ex:774: Postgrex.Protocol.handshake/3
    (postgrex 0.22.3) lib/postgrex/protocol.ex:231: Postgrex.Protocol.connect_endpoints/6
    (db_connection 2.10.2) lib/db_connection/connection.ex:81: DBConnection.Connection.handle_event/4
    (stdlib 6.0) gen_statem.erl:3115: :gen_statem.loop_state_callback/11
    (stdlib 6.0) proc_lib.erl:329: :proc_lib.init_p_do_apply/3
Process Label: "db_conn_6"
Queue: [internal: {:connect, :init}]
Postponed: []
State: Postgrex.Protocol
Callback mode: &DBConnection.Connection.handle_event/4, state_enter: false
[error] :gen_statem #PID<0.692.0> terminating
** (KeyError) key :password not found in: [
  parameters: [],
  pool_index: 4,
  types: Postgrex.DefaultTypes,
  port: 5432,
  label: SimpleJournalSystem.Repo,
  pool: DBConnection.ConnectionPool,
  repo: SimpleJournalSystem.Repo,
  telemetry_prefix: [:simple_journal_system, :repo],
  otp_app: :simple_journal_system,
  timeout: 15000,
  username: "postgres",
  hostname: "localhost",
  database: "ojs_db_pg",
  stacktrace: true,
  show_sensitive_data_on_connection_error: true,
  pool_size: 10
]
    (elixir 1.17.3) lib/keyword.ex:602: Keyword.fetch!/2
    (postgrex 0.22.3) lib/postgrex/scram.ex:24: Postgrex.SCRAM.client_final/2
    (postgrex 0.22.3) lib/postgrex/protocol.ex:937: Postgrex.Protocol.auth_cont/4
    (postgrex 0.22.3) lib/postgrex/protocol.ex:774: Postgrex.Protocol.handshake/3
    (postgrex 0.22.3) lib/postgrex/protocol.ex:231: Postgrex.Protocol.connect_endpoints/6
    (db_connection 2.10.2) lib/db_connection/connection.ex:81: DBConnection.Connection.handle_event/4
    (stdlib 6.0) gen_statem.erl:3115: :gen_statem.loop_state_callback/11
    (stdlib 6.0) proc_lib.erl:329: :proc_lib.init_p_do_apply/3
Process Label: "db_conn_4"
Queue: [internal: {:connect, :init}]
Postponed: []
State: Postgrex.Protocol
Callback mode: &DBConnection.Connection.handle_event/4, state_enter: false
[error] :gen_statem #PID<0.690.0> terminating
** (KeyError) key :password not found in: [
  parameters: [],
  pool_index: 2,
  types: Postgrex.DefaultTypes,
  port: 5432,
  label: SimpleJournalSystem.Repo,
  pool: DBConnection.ConnectionPool,
  repo: SimpleJournalSystem.Repo,
  telemetry_prefix: [:simple_journal_system, :repo],
  otp_app: :simple_journal_system,
  timeout: 15000,
  username: "postgres",
  hostname: "localhost",
  database: "ojs_db_pg",
  stacktrace: true,
  show_sensitive_data_on_connection_error: true,
  pool_size: 10
]
    (elixir 1.17.3) lib/keyword.ex:602: Keyword.fetch!/2
    (postgrex 0.22.3) lib/postgrex/scram.ex:24: Postgrex.SCRAM.client_final/2
    (postgrex 0.22.3) lib/postgrex/protocol.ex:937: Postgrex.Protocol.auth_cont/4
    (postgrex 0.22.3) lib/postgrex/protocol.ex:774: Postgrex.Protocol.handshake/3
    (postgrex 0.22.3) lib/postgrex/protocol.ex:231: Postgrex.Protocol.connect_endpoints/6
    (db_connection 2.10.2) lib/db_connection/connection.ex:81: DBConnection.Connection.handle_event/4
    (stdlib 6.0) gen_statem.erl:3115: :gen_statem.loop_state_callback/11
    (stdlib 6.0) proc_lib.erl:329: :proc_lib.init_p_do_apply/3
Process Label: "db_conn_2"
Queue: [internal: {:connect, :init}]
Postponed: []
State: Postgrex.Protocol
Callback mode: &DBConnection.Connection.handle_event/4, state_enter: false
[error] :gen_statem #PID<0.693.0> terminating
** (KeyError) key :password not found in: [
  parameters: [],
  pool_index: 5,
  types: Postgrex.DefaultTypes,
  port: 5432,
  label: SimpleJournalSystem.Repo,
  pool: DBConnection.ConnectionPool,
  repo: SimpleJournalSystem.Repo,
  telemetry_prefix: [:simple_journal_system, :repo],
  otp_app: :simple_journal_system,
  timeout: 15000,
  username: "postgres",
  hostname: "localhost",
  database: "ojs_db_pg",
  stacktrace: true,
  show_sensitive_data_on_connection_error: true,
  pool_size: 10
]
    (elixir 1.17.3) lib/keyword.ex:602: Keyword.fetch!/2
    (postgrex 0.22.3) lib/postgrex/scram.ex:24: Postgrex.SCRAM.client_final/2
    (postgrex 0.22.3) lib/postgrex/protocol.ex:937: Postgrex.Protocol.auth_cont/4
    (postgrex 0.22.3) lib/postgrex/protocol.ex:774: Postgrex.Protocol.handshake/3
    (postgrex 0.22.3) lib/postgrex/protocol.ex:231: Postgrex.Protocol.connect_endpoints/6
    (db_connection 2.10.2) lib/db_connection/connection.ex:81: DBConnection.Connection.handle_event/4
    (stdlib 6.0) gen_statem.erl:3115: :gen_statem.loop_state_callback/11
    (stdlib 6.0) proc_lib.erl:329: :proc_lib.init_p_do_apply/3
Process Label: "db_conn_5"
Queue: [internal: {:connect, :init}]
Postponed: []
State: Postgrex.Protocol
Callback mode: &DBConnection.Connection.handle_event/4, state_enter: false
[error] :gen_statem #PID<0.698.0> terminating
** (KeyError) key :password not found in: [
  parameters: [],
  pool_index: 10,
  types: Postgrex.DefaultTypes,
  port: 5432,
  label: SimpleJournalSystem.Repo,
  pool: DBConnection.ConnectionPool,
  repo: SimpleJournalSystem.Repo,
  telemetry_prefix: [:simple_journal_system, :repo],
  otp_app: :simple_journal_system,
  timeout: 15000,
  username: "postgres",
  hostname: "localhost",
  database: "ojs_db_pg",
  stacktrace: true,
  show_sensitive_data_on_connection_error: true,
  pool_size: 10
]
    (elixir 1.17.3) lib/keyword.ex:602: Keyword.fetch!/2
    (postgrex 0.22.3) lib/postgrex/scram.ex:24: Postgrex.SCRAM.client_final/2
    (postgrex 0.22.3) lib/postgrex/protocol.ex:937: Postgrex.Protocol.auth_cont/4
    (postgrex 0.22.3) lib/postgrex/protocol.ex:774: Postgrex.Protocol.handshake/3
    (postgrex 0.22.3) lib/postgrex/protocol.ex:231: Postgrex.Protocol.connect_endpoints/6
    (db_connection 2.10.2) lib/db_connection/connection.ex:81: DBConnection.Connection.handle_event/4
    (stdlib 6.0) gen_statem.erl:3115: :gen_statem.loop_state_callback/11
    (stdlib 6.0) proc_lib.erl:329: :proc_lib.init_p_do_apply/3
Process Label: "db_conn_10"
Queue: [internal: {:connect, :init}]
Postponed: []
State: Postgrex.Protocol
Callback mode: &DBConnection.Connection.handle_event/4, state_enter: false
[error] :gen_statem #PID<0.697.0> terminating
** (KeyError) key :password not found in: [
  parameters: [],
  pool_index: 9,
  types: Postgrex.DefaultTypes,
  port: 5432,
  label: SimpleJournalSystem.Repo,
  pool: DBConnection.ConnectionPool,
  repo: SimpleJournalSystem.Repo,
  telemetry_prefix: [:simple_journal_system, :repo],
  otp_app: :simple_journal_system,
  timeout: 15000,
  username: "postgres",
  hostname: "localhost",
  database: "ojs_db_pg",
  stacktrace: true,
  show_sensitive_data_on_connection_error: true,
  pool_size: 10
]
    (elixir 1.17.3) lib/keyword.ex:602: Keyword.fetch!/2
    (postgrex 0.22.3) lib/postgrex/scram.ex:24: Postgrex.SCRAM.client_final/2
    (postgrex 0.22.3) lib/postgrex/protocol.ex:937: Postgrex.Protocol.auth_cont/4
    (postgrex 0.22.3) lib/postgrex/protocol.ex:774: Postgrex.Protocol.handshake/3
    (postgrex 0.22.3) lib/postgrex/protocol.ex:231: Postgrex.Protocol.connect_endpoints/6
    (db_connection 2.10.2) lib/db_connection/connection.ex:81: DBConnection.Connection.handle_event/4
    (stdlib 6.0) gen_statem.erl:3115: :gen_statem.loop_state_callback/11
    (stdlib 6.0) proc_lib.erl:329: :proc_lib.init_p_do_apply/3
Process Label: "db_conn_9"
Queue: [internal: {:connect, :init}]
Postponed: []
State: Postgrex.Protocol
Callback mode: &DBConnection.Connection.handle_event/4, state_enter: false
[error] :gen_statem #PID<0.695.0> terminating
** (KeyError) key :password not found in: [
  parameters: [],
  pool_index: 7,
  types: Postgrex.DefaultTypes,
  port: 5432,
  label: SimpleJournalSystem.Repo,
  pool: DBConnection.ConnectionPool,
  repo: SimpleJournalSystem.Repo,
  telemetry_prefix: [:simple_journal_system, :repo],
  otp_app: :simple_journal_system,
  timeout: 15000,
  username: "postgres",
  hostname: "localhost",
  database: "ojs_db_pg",
  stacktrace: true,
  show_sensitive_data_on_connection_error: true,
  pool_size: 10
]
    (elixir 1.17.3) lib/keyword.ex:602: Keyword.fetch!/2
    (postgrex 0.22.3) lib/postgrex/scram.ex:24: Postgrex.SCRAM.client_final/2
    (postgrex 0.22.3) lib/postgrex/protocol.ex:937: Postgrex.Protocol.auth_cont/4
    (postgrex 0.22.3) lib/postgrex/protocol.ex:774: Postgrex.Protocol.handshake/3
    (postgrex 0.22.3) lib/postgrex/protocol.ex:231: Postgrex.Protocol.connect_endpoints/6
    (db_connection 2.10.2) lib/db_connection/connection.ex:81: DBConnection.Connection.handle_event/4
    (stdlib 6.0) gen_statem.erl:3115: :gen_statem.loop_state_callback/11
    (stdlib 6.0) proc_lib.erl:329: :proc_lib.init_p_do_apply/3
Process Label: "db_conn_7"
Queue: [internal: {:connect, :init}]
Postponed: []
State: Postgrex.Protocol
Callback mode: &DBConnection.Connection.handle_event/4, state_enter: false
[error] :gen_statem #PID<0.699.0> terminating
** (KeyError) key :password not found in: [
  parameters: [],
  pool_index: 1,
  types: Postgrex.DefaultTypes,
  port: 5432,
  label: SimpleJournalSystem.Repo,
  pool: DBConnection.ConnectionPool,
  repo: SimpleJournalSystem.Repo,
  telemetry_prefix: [:simple_journal_system, :repo],
  otp_app: :simple_journal_system,
  timeout: 15000,
  username: "postgres",
  hostname: "localhost",
  database: "ojs_db_pg",
  stacktrace: true,
  show_sensitive_data_on_connection_error: true,
  pool_size: 10
]
    (elixir 1.17.3) lib/keyword.ex:602: Keyword.fetch!/2
    (postgrex 0.22.3) lib/postgrex/scram.ex:24: Postgrex.SCRAM.client_final/2
    (postgrex 0.22.3) lib/postgrex/protocol.ex:937: Postgrex.Protocol.auth_cont/4
    (postgrex 0.22.3) lib/postgrex/protocol.ex:774: Postgrex.Protocol.handshake/3
    (postgrex 0.22.3) lib/postgrex/protocol.ex:231: Postgrex.Protocol.connect_endpoints/6
    (db_connection 2.10.2) lib/db_connection/connection.ex:81: DBConnection.Connection.handle_event/4
    (stdlib 6.0) gen_statem.erl:3115: :gen_statem.loop_state_callback/11
    (stdlib 6.0) proc_lib.erl:329: :proc_lib.init_p_do_apply/3
Process Label: "db_conn_1"
Queue: [internal: {:connect, :init}]
Postponed: []
State: Postgrex.Protocol
Callback mode: &DBConnection.Connection.handle_event/4, state_enter: false
[error] :gen_statem #PID<0.700.0> terminating
** (KeyError) key :password not found in: [
  parameters: [],
  pool_index: 3,
  types: Postgrex.DefaultTypes,
  port: 5432,
  label: SimpleJournalSystem.Repo,
  pool: DBConnection.ConnectionPool,
  repo: SimpleJournalSystem.Repo,
  telemetry_prefix: [:simple_journal_system, :repo],
  otp_app: :simple_journal_system,
  timeout: 15000,
  username: "postgres",
  hostname: "localhost",
  database: "ojs_db_pg",
  stacktrace: true,
  show_sensitive_data_on_connection_error: true,
  pool_size: 10
]
    (elixir 1.17.3) lib/keyword.ex:602: Keyword.fetch!/2
    (postgrex 0.22.3) lib/postgrex/scram.ex:24: Postgrex.SCRAM.client_final/2
    (postgrex 0.22.3) lib/postgrex/protocol.ex:937: Postgrex.Protocol.auth_cont/4
    (postgrex 0.22.3) lib/postgrex/protocol.ex:774: Postgrex.Protocol.handshake/3
    (postgrex 0.22.3) lib/postgrex/protocol.ex:231: Postgrex.Protocol.connect_endpoints/6
    (db_connection 2.10.2) lib/db_connection/connection.ex:81: DBConnection.Connection.handle_event/4
    (stdlib 6.0) gen_statem.erl:3115: :gen_statem.loop_state_callback/11
    (stdlib 6.0) proc_lib.erl:329: :proc_lib.init_p_do_apply/3
Process Label: "db_conn_3"
Queue: [internal: {:connect, :init}]
Postponed: []
State: Postgrex.Protocol
Callback mode: &DBConnection.Connection.handle_event/4, state_enter: false
[error] :gen_statem #PID<0.701.0> terminating
** (KeyError) key :password not found in: [
  parameters: [],
  pool_index: 8,
  types: Postgrex.DefaultTypes,
  port: 5432,
  label: SimpleJournalSystem.Repo,
  pool: DBConnection.ConnectionPool,
  repo: SimpleJournalSystem.Repo,
  telemetry_prefix: [:simple_journal_system, :repo],
  otp_app: :simple_journal_system,
  timeout: 15000,
  username: "postgres",
  hostname: "localhost",
  database: "ojs_db_pg",
  stacktrace: true,
  show_sensitive_data_on_connection_error: true,
  pool_size: 10
]
    (elixir 1.17.3) lib/keyword.ex:602: Keyword.fetch!/2
    (postgrex 0.22.3) lib/postgrex/scram.ex:24: Postgrex.SCRAM.client_final/2
    (postgrex 0.22.3) lib/postgrex/protocol.ex:937: Postgrex.Protocol.auth_cont/4
    (postgrex 0.22.3) lib/postgrex/protocol.ex:774: Postgrex.Protocol.handshake/3
    (postgrex 0.22.3) lib/postgrex/protocol.ex:231: Postgrex.Protocol.connect_endpoints/6
    (db_connection 2.10.2) lib/db_connection/connection.ex:81: DBConnection.Connection.handle_event/4
    (stdlib 6.0) gen_statem.erl:3115: :gen_statem.loop_state_callback/11
    (stdlib 6.0) proc_lib.erl:329: :proc_lib.init_p_do_apply/3
Process Label: "db_conn_8"
Queue: [internal: {:connect, :init}]
Postponed: []
State: Postgrex.Protocol
Callback mode: &DBConnection.Connection.handle_event/4, state_enter: false
[error] :gen_statem #PID<0.705.0> terminating
** (KeyError) key :password not found in: [
  parameters: [],
  pool_index: 1,
  types: Postgrex.DefaultTypes,
  port: 5432,
  label: SimpleJournalSystem.Repo,
  pool: DBConnection.ConnectionPool,
  repo: SimpleJournalSystem.Repo,
  telemetry_prefix: [:simple_journal_system, :repo],
  otp_app: :simple_journal_system,
  timeout: 15000,
  username: "postgres",
  hostname: "localhost",
  database: "ojs_db_pg",
  stacktrace: true,
  show_sensitive_data_on_connection_error: true,
  pool_size: 10
]
    (elixir 1.17.3) lib/keyword.ex:602: Keyword.fetch!/2
    (postgrex 0.22.3) lib/postgrex/scram.ex:24: Postgrex.SCRAM.client_final/2
    (postgrex 0.22.3) lib/postgrex/protocol.ex:937: Postgrex.Protocol.auth_cont/4
    (postgrex 0.22.3) lib/postgrex/protocol.ex:774: Postgrex.Protocol.handshake/3
    (postgrex 0.22.3) lib/postgrex/protocol.ex:231: Postgrex.Protocol.connect_endpoints/6
    (db_connection 2.10.2) lib/db_connection/connection.ex:81: DBConnection.Connection.handle_event/4
    (stdlib 6.0) gen_statem.erl:3115: :gen_statem.loop_state_callback/11
    (stdlib 6.0) proc_lib.erl:329: :proc_lib.init_p_do_apply/3
Process Label: "db_conn_1"
Queue: [internal: {:connect, :init}]
Postponed: []
State: Postgrex.Protocol
Callback mode: &DBConnection.Connection.handle_event/4, state_enter: false
[error] :gen_statem #PID<0.707.0> terminating
** (KeyError) key :password not found in: [
  parameters: [],
  pool_index: 3,
  types: Postgrex.DefaultTypes,
  port: 5432,
  label: SimpleJournalSystem.Repo,
  pool: DBConnection.ConnectionPool,
  repo: SimpleJournalSystem.Repo,
  telemetry_prefix: [:simple_journal_system, :repo],
  otp_app: :simple_journal_system,
  timeout: 15000,
  username: "postgres",
  hostname: "localhost",
  database: "ojs_db_pg",
  stacktrace: true,
  show_sensitive_data_on_connection_error: true,
  pool_size: 10
]
    (elixir 1.17.3) lib/keyword.ex:602: Keyword.fetch!/2
    (postgrex 0.22.3) lib/postgrex/scram.ex:24: Postgrex.SCRAM.client_final/2
    (postgrex 0.22.3) lib/postgrex/protocol.ex:937: Postgrex.Protocol.auth_cont/4
    (postgrex 0.22.3) lib/postgrex/protocol.ex:774: Postgrex.Protocol.handshake/3
    (postgrex 0.22.3) lib/postgrex/protocol.ex:231: Postgrex.Protocol.connect_endpoints/6
    (db_connection 2.10.2) lib/db_connection/connection.ex:81: DBConnection.Connection.handle_event/4
    (stdlib 6.0) gen_statem.erl:3115: :gen_statem.loop_state_callback/11
    (stdlib 6.0) proc_lib.erl:329: :proc_lib.init_p_do_apply/3
Process Label: "db_conn_3"
Queue: [internal: {:connect, :init}]
Postponed: []
State: Postgrex.Protocol
Callback mode: &DBConnection.Connection.handle_event/4, state_enter: false
[error] :gen_statem #PID<0.706.0> terminating
** (KeyError) key :password not found in: [
  parameters: [],
  pool_index: 2,
  types: Postgrex.DefaultTypes,
  port: 5432,
  label: SimpleJournalSystem.Repo,
  pool: DBConnection.ConnectionPool,
  repo: SimpleJournalSystem.Repo,
  telemetry_prefix: [:simple_journal_system, :repo],
  otp_app: :simple_journal_system,
  timeout: 15000,
  username: "postgres",
  hostname: "localhost",
  database: "ojs_db_pg",
  stacktrace: true,
  show_sensitive_data_on_connection_error: true,
  pool_size: 10
]
    (elixir 1.17.3) lib/keyword.ex:602: Keyword.fetch!/2
    (postgrex 0.22.3) lib/postgrex/scram.ex:24: Postgrex.SCRAM.client_final/2
    (postgrex 0.22.3) lib/postgrex/protocol.ex:937: Postgrex.Protocol.auth_cont/4
    (postgrex 0.22.3) lib/postgrex/protocol.ex:774: Postgrex.Protocol.handshake/3
    (postgrex 0.22.3) lib/postgrex/protocol.ex:231: Postgrex.Protocol.connect_endpoints/6
    (db_connection 2.10.2) lib/db_connection/connection.ex:81: DBConnection.Connection.handle_event/4
    (stdlib 6.0) gen_statem.erl:3115: :gen_statem.loop_state_callback/11
    (stdlib 6.0) proc_lib.erl:329: :proc_lib.init_p_do_apply/3
Process Label: "db_conn_2"
Queue: [internal: {:connect, :init}]
Postponed: []
State: Postgrex.Protocol
Callback mode: &DBConnection.Connection.handle_event/4, state_enter: false
[error] :gen_statem #PID<0.708.0> terminating
** (KeyError) key :password not found in: [
  parameters: [],
  pool_index: 4,
  types: Postgrex.DefaultTypes,
  port: 5432,
  label: SimpleJournalSystem.Repo,
  pool: DBConnection.ConnectionPool,
  repo: SimpleJournalSystem.Repo,
  telemetry_prefix: [:simple_journal_system, :repo],
  otp_app: :simple_journal_system,
  timeout: 15000,
  username: "postgres",
  hostname: "localhost",
  database: "ojs_db_pg",
  stacktrace: true,
  show_sensitive_data_on_connection_error: true,
  pool_size: 10
]
    (elixir 1.17.3) lib/keyword.ex:602: Keyword.fetch!/2
    (postgrex 0.22.3) lib/postgrex/scram.ex:24: Postgrex.SCRAM.client_final/2
    (postgrex 0.22.3) lib/postgrex/protocol.ex:937: Postgrex.Protocol.auth_cont/4
    (postgrex 0.22.3) lib/postgrex/protocol.ex:774: Postgrex.Protocol.handshake/3
    (postgrex 0.22.3) lib/postgrex/protocol.ex:231: Postgrex.Protocol.connect_endpoints/6
    (db_connection 2.10.2) lib/db_connection/connection.ex:81: DBConnection.Connection.handle_event/4
    (stdlib 6.0) gen_statem.erl:3115: :gen_statem.loop_state_callback/11
    (stdlib 6.0) proc_lib.erl:329: :proc_lib.init_p_do_apply/3
Process Label: "db_conn_4"
Queue: [internal: {:connect, :init}]
Postponed: []
State: Postgrex.Protocol
Callback mode: &DBConnection.Connection.handle_event/4, state_enter: false
[error] :gen_statem #PID<0.709.0> terminating
** (KeyError) key :password not found in: [
  parameters: [],
  pool_index: 5,
  types: Postgrex.DefaultTypes,
  port: 5432,
  label: SimpleJournalSystem.Repo,
  pool: DBConnection.ConnectionPool,
  repo: SimpleJournalSystem.Repo,
  telemetry_prefix: [:simple_journal_system, :repo],
  otp_app: :simple_journal_system,
  timeout: 15000,
  username: "postgres",
  hostname: "localhost",
  database: "ojs_db_pg",
  stacktrace: true,
  show_sensitive_data_on_connection_error: true,
  pool_size: 10
]
    (elixir 1.17.3) lib/keyword.ex:602: Keyword.fetch!/2
    (postgrex 0.22.3) lib/postgrex/scram.ex:24: Postgrex.SCRAM.client_final/2
    (postgrex 0.22.3) lib/postgrex/protocol.ex:937: Postgrex.Protocol.auth_cont/4
    (postgrex 0.22.3) lib/postgrex/protocol.ex:774: Postgrex.Protocol.handshake/3
    (postgrex 0.22.3) lib/postgrex/protocol.ex:231: Postgrex.Protocol.connect_endpoints/6
    (db_connection 2.10.2) lib/db_connection/connection.ex:81: DBConnection.Connection.handle_event/4
    (stdlib 6.0) gen_statem.erl:3115: :gen_statem.loop_state_callback/11
    (stdlib 6.0) proc_lib.erl:329: :proc_lib.init_p_do_apply/3
Process Label: "db_conn_5"
Queue: [internal: {:connect, :init}]
Postponed: []
State: Postgrex.Protocol
Callback mode: &DBConnection.Connection.handle_event/4, state_enter: false
[error] :gen_statem #PID<0.711.0> terminating
** (KeyError) key :password not found in: [
  parameters: [],
  pool_index: 7,
  types: Postgrex.DefaultTypes,
  port: 5432,
  label: SimpleJournalSystem.Repo,
  pool: DBConnection.ConnectionPool,
  repo: SimpleJournalSystem.Repo,
  telemetry_prefix: [:simple_journal_system, :repo],
  otp_app: :simple_journal_system,
  timeout: 15000,
  username: "postgres",
  hostname: "localhost",
  database: "ojs_db_pg",
  stacktrace: true,
  show_sensitive_data_on_connection_error: true,
  pool_size: 10
]
    (elixir 1.17.3) lib/keyword.ex:602: Keyword.fetch!/2
    (postgrex 0.22.3) lib/postgrex/scram.ex:24: Postgrex.SCRAM.client_final/2
    (postgrex 0.22.3) lib/postgrex/protocol.ex:937: Postgrex.Protocol.auth_cont/4
    (postgrex 0.22.3) lib/postgrex/protocol.ex:774: Postgrex.Protocol.handshake/3
    (postgrex 0.22.3) lib/postgrex/protocol.ex:231: Postgrex.Protocol.connect_endpoints/6
    (db_connection 2.10.2) lib/db_connection/connection.ex:81: DBConnection.Connection.handle_event/4
    (stdlib 6.0) gen_statem.erl:3115: :gen_statem.loop_state_callback/11
    (stdlib 6.0) proc_lib.erl:329: :proc_lib.init_p_do_apply/3
Process Label: "db_conn_7"
Queue: [internal: {:connect, :init}]
Postponed: []
State: Postgrex.Protocol
Callback mode: &DBConnection.Connection.handle_event/4, state_enter: false
[error] :gen_statem #PID<0.710.0> terminating
** (KeyError) key :password not found in: [
  parameters: [],
  pool_index: 6,
  types: Postgrex.DefaultTypes,
  port: 5432,
  label: SimpleJournalSystem.Repo,
  pool: DBConnection.ConnectionPool,
  repo: SimpleJournalSystem.Repo,
  telemetry_prefix: [:simple_journal_system, :repo],
  otp_app: :simple_journal_system,
  timeout: 15000,
  username: "postgres",
  hostname: "localhost",
  database: "ojs_db_pg",
  stacktrace: true,
  show_sensitive_data_on_connection_error: true,
  pool_size: 10
]
    (elixir 1.17.3) lib/keyword.ex:602: Keyword.fetch!/2
    (postgrex 0.22.3) lib/postgrex/scram.ex:24: Postgrex.SCRAM.client_final/2
    (postgrex 0.22.3) lib/postgrex/protocol.ex:937: Postgrex.Protocol.auth_cont/4
    (postgrex 0.22.3) lib/postgrex/protocol.ex:774: Postgrex.Protocol.handshake/3
    (postgrex 0.22.3) lib/postgrex/protocol.ex:231: Postgrex.Protocol.connect_endpoints/6
    (db_connection 2.10.2) lib/db_connection/connection.ex:81: DBConnection.Connection.handle_event/4
    (stdlib 6.0) gen_statem.erl:3115: :gen_statem.loop_state_callback/11
    (stdlib 6.0) proc_lib.erl:329: :proc_lib.init_p_do_apply/3
Process Label: "db_conn_6"
Queue: [internal: {:connect, :init}]
Postponed: []
State: Postgrex.Protocol
Callback mode: &DBConnection.Connection.handle_event/4, state_enter: false
[error] :gen_statem #PID<0.714.0> terminating
** (KeyError) key :password not found in: [
  parameters: [],
  pool_index: 10,
  types: Postgrex.DefaultTypes,
  port: 5432,
  label: SimpleJournalSystem.Repo,
  pool: DBConnection.ConnectionPool,
  repo: SimpleJournalSystem.Repo,
  telemetry_prefix: [:simple_journal_system, :repo],
  otp_app: :simple_journal_system,
  timeout: 15000,
  username: "postgres",
  hostname: "localhost",
  database: "ojs_db_pg",
  stacktrace: true,
  show_sensitive_data_on_connection_error: true,
  pool_size: 10
]
    (elixir 1.17.3) lib/keyword.ex:602: Keyword.fetch!/2
    (postgrex 0.22.3) lib/postgrex/scram.ex:24: Postgrex.SCRAM.client_final/2
    (postgrex 0.22.3) lib/postgrex/protocol.ex:937: Postgrex.Protocol.auth_cont/4
    (postgrex 0.22.3) lib/postgrex/protocol.ex:774: Postgrex.Protocol.handshake/3
    (postgrex 0.22.3) lib/postgrex/protocol.ex:231: Postgrex.Protocol.connect_endpoints/6
    (db_connection 2.10.2) lib/db_connection/connection.ex:81: DBConnection.Connection.handle_event/4
    (stdlib 6.0) gen_statem.erl:3115: :gen_statem.loop_state_callback/11
    (stdlib 6.0) proc_lib.erl:329: :proc_lib.init_p_do_apply/3
Process Label: "db_conn_10"
Queue: [internal: {:connect, :init}]
Postponed: []
State: Postgrex.Protocol
Callback mode: &DBConnection.Connection.handle_event/4, state_enter: false
[error] :gen_statem #PID<0.712.0> terminating
** (KeyError) key :password not found in: [
  parameters: [],
  pool_index: 8,
  types: Postgrex.DefaultTypes,
  port: 5432,
  label: SimpleJournalSystem.Repo,
  pool: DBConnection.ConnectionPool,
  repo: SimpleJournalSystem.Repo,
  telemetry_prefix: [:simple_journal_system, :repo],
  otp_app: :simple_journal_system,
  timeout: 15000,
  username: "postgres",
  hostname: "localhost",
  database: "ojs_db_pg",
  stacktrace: true,
  show_sensitive_data_on_connection_error: true,
  pool_size: 10
]
    (elixir 1.17.3) lib/keyword.ex:602: Keyword.fetch!/2
    (postgrex 0.22.3) lib/postgrex/scram.ex:24: Postgrex.SCRAM.client_final/2
    (postgrex 0.22.3) lib/postgrex/protocol.ex:937: Postgrex.Protocol.auth_cont/4
    (postgrex 0.22.3) lib/postgrex/protocol.ex:774: Postgrex.Protocol.handshake/3
    (postgrex 0.22.3) lib/postgrex/protocol.ex:231: Postgrex.Protocol.connect_endpoints/6
    (db_connection 2.10.2) lib/db_connection/connection.ex:81: DBConnection.Connection.handle_event/4
    (stdlib 6.0) gen_statem.erl:3115: :gen_statem.loop_state_callback/11
    (stdlib 6.0) proc_lib.erl:329: :proc_lib.init_p_do_apply/3
Process Label: "db_conn_8"
Queue: [internal: {:connect, :init}]
Postponed: []
State: Postgrex.Protocol
Callback mode: &DBConnection.Connection.handle_event/4, state_enter: false
[error] :gen_statem #PID<0.713.0> terminating
** (KeyError) key :password not found in: [
  parameters: [],
  pool_index: 9,
  types: Postgrex.DefaultTypes,
  port: 5432,
  label: SimpleJournalSystem.Repo,
  pool: DBConnection.ConnectionPool,
  repo: SimpleJournalSystem.Repo,
  telemetry_prefix: [:simple_journal_system, :repo],
  otp_app: :simple_journal_system,
  timeout: 15000,
  username: "postgres",
  hostname: "localhost",
  database: "ojs_db_pg",
  stacktrace: true,
  show_sensitive_data_on_connection_error: true,
  pool_size: 10
]
    (elixir 1.17.3) lib/keyword.ex:602: Keyword.fetch!/2
    (postgrex 0.22.3) lib/postgrex/scram.ex:24: Postgrex.SCRAM.client_final/2
    (postgrex 0.22.3) lib/postgrex/protocol.ex:937: Postgrex.Protocol.auth_cont/4
    (postgrex 0.22.3) lib/postgrex/protocol.ex:774: Postgrex.Protocol.handshake/3
    (postgrex 0.22.3) lib/postgrex/protocol.ex:231: Postgrex.Protocol.connect_endpoints/6
    (db_connection 2.10.2) lib/db_connection/connection.ex:81: DBConnection.Connection.handle_event/4
    (stdlib 6.0) gen_statem.erl:3115: :gen_statem.loop_state_callback/11
    (stdlib 6.0) proc_lib.erl:329: :proc_lib.init_p_do_apply/3
Process Label: "db_conn_9"
Queue: [internal: {:connect, :init}]
Postponed: []
State: Postgrex.Protocol
Callback mode: &DBConnection.Connection.handle_event/4, state_enter: false
[error] :gen_statem #PID<0.715.0> terminating
** (KeyError) key :password not found in: [
  parameters: [],
  pool_index: 1,
  types: Postgrex.DefaultTypes,
  port: 5432,
  label: SimpleJournalSystem.Repo,
  pool: DBConnection.ConnectionPool,
  repo: SimpleJournalSystem.Repo,
  telemetry_prefix: [:simple_journal_system, :repo],
  otp_app: :simple_journal_system,
  timeout: 15000,
  username: "postgres",
  hostname: "localhost",
  database: "ojs_db_pg",
  stacktrace: true,
  show_sensitive_data_on_connection_error: true,
  pool_size: 10
]
    (elixir 1.17.3) lib/keyword.ex:602: Keyword.fetch!/2
    (postgrex 0.22.3) lib/postgrex/scram.ex:24: Postgrex.SCRAM.client_final/2
    (postgrex 0.22.3) lib/postgrex/protocol.ex:937: Postgrex.Protocol.auth_cont/4
    (postgrex 0.22.3) lib/postgrex/protocol.ex:774: Postgrex.Protocol.handshake/3
    (postgrex 0.22.3) lib/postgrex/protocol.ex:231: Postgrex.Protocol.connect_endpoints/6
    (db_connection 2.10.2) lib/db_connection/connection.ex:81: DBConnection.Connection.handle_event/4
    (stdlib 6.0) gen_statem.erl:3115: :gen_statem.loop_state_callback/11
    (stdlib 6.0) proc_lib.erl:329: :proc_lib.init_p_do_apply/3
Process Label: "db_conn_1"
Queue: [internal: {:connect, :init}]
Postponed: []
State: Postgrex.Protocol
Callback mode: &DBConnection.Connection.handle_event/4, state_enter: false
[error] :gen_statem #PID<0.717.0> terminating
** (KeyError) key :password not found in: [
  parameters: [],
  pool_index: 2,
  types: Postgrex.DefaultTypes,
  port: 5432,
  label: SimpleJournalSystem.Repo,
  pool: DBConnection.ConnectionPool,
  repo: SimpleJournalSystem.Repo,
  telemetry_prefix: [:simple_journal_system, :repo],
  otp_app: :simple_journal_system,
  timeout: 15000,
  username: "postgres",
  hostname: "localhost",
  database: "ojs_db_pg",
  stacktrace: true,
  show_sensitive_data_on_connection_error: true,
  pool_size: 10
]
    (elixir 1.17.3) lib/keyword.ex:602: Keyword.fetch!/2
    (postgrex 0.22.3) lib/postgrex/scram.ex:24: Postgrex.SCRAM.client_final/2
    (postgrex 0.22.3) lib/postgrex/protocol.ex:937: Postgrex.Protocol.auth_cont/4
    (postgrex 0.22.3) lib/postgrex/protocol.ex:774: Postgrex.Protocol.handshake/3
    (postgrex 0.22.3) lib/postgrex/protocol.ex:231: Postgrex.Protocol.connect_endpoints/6
    (db_connection 2.10.2) lib/db_connection/connection.ex:81: DBConnection.Connection.handle_event/4
    (stdlib 6.0) gen_statem.erl:3115: :gen_statem.loop_state_callback/11
    (stdlib 6.0) proc_lib.erl:329: :proc_lib.init_p_do_apply/3
Process Label: "db_conn_2"
Queue: [internal: {:connect, :init}]
Postponed: []
State: Postgrex.Protocol
Callback mode: &DBConnection.Connection.handle_event/4, state_enter: false
[error] :gen_statem #PID<0.716.0> terminating
** (KeyError) key :password not found in: [
  parameters: [],
  pool_index: 3,
  types: Postgrex.DefaultTypes,
  port: 5432,
  label: SimpleJournalSystem.Repo,
  pool: DBConnection.ConnectionPool,
  repo: SimpleJournalSystem.Repo,
  telemetry_prefix: [:simple_journal_system, :repo],
  otp_app: :simple_journal_system,
  timeout: 15000,
  username: "postgres",
  hostname: "localhost",
  database: "ojs_db_pg",
  stacktrace: true,
  show_sensitive_data_on_connection_error: true,
  pool_size: 10
]
    (elixir 1.17.3) lib/keyword.ex:602: Keyword.fetch!/2
    (postgrex 0.22.3) lib/postgrex/scram.ex:24: Postgrex.SCRAM.client_final/2
    (postgrex 0.22.3) lib/postgrex/protocol.ex:937: Postgrex.Protocol.auth_cont/4
    (postgrex 0.22.3) lib/postgrex/protocol.ex:774: Postgrex.Protocol.handshake/3
    (postgrex 0.22.3) lib/postgrex/protocol.ex:231: Postgrex.Protocol.connect_endpoints/6
    (db_connection 2.10.2) lib/db_connection/connection.ex:81: DBConnection.Connection.handle_event/4
    (stdlib 6.0) gen_statem.erl:3115: :gen_statem.loop_state_callback/11
    (stdlib 6.0) proc_lib.erl:329: :proc_lib.init_p_do_apply/3
Process Label: "db_conn_3"
Queue: [internal: {:connect, :init}]
Postponed: []
State: Postgrex.Protocol
Callback mode: &DBConnection.Connection.handle_event/4, state_enter: false
[error] :gen_statem #PID<0.721.0> terminating
** (KeyError) key :password not found in: [
  parameters: [],
  pool_index: 1,
  types: Postgrex.DefaultTypes,
  port: 5432,
  label: SimpleJournalSystem.Repo,
  pool: DBConnection.ConnectionPool,
  repo: SimpleJournalSystem.Repo,
  telemetry_prefix: [:simple_journal_system, :repo],
  otp_app: :simple_journal_system,
  timeout: 15000,
  username: "postgres",
  hostname: "localhost",
  database: "ojs_db_pg",
  stacktrace: true,
  show_sensitive_data_on_connection_error: true,
  pool_size: 10
]
    (elixir 1.17.3) lib/keyword.ex:602: Keyword.fetch!/2
    (postgrex 0.22.3) lib/postgrex/scram.ex:24: Postgrex.SCRAM.client_final/2
    (postgrex 0.22.3) lib/postgrex/protocol.ex:937: Postgrex.Protocol.auth_cont/4
    (postgrex 0.22.3) lib/postgrex/protocol.ex:774: Postgrex.Protocol.handshake/3
    (postgrex 0.22.3) lib/postgrex/protocol.ex:231: Postgrex.Protocol.connect_endpoints/6
    (db_connection 2.10.2) lib/db_connection/connection.ex:81: DBConnection.Connection.handle_event/4
    (stdlib 6.0) gen_statem.erl:3115: :gen_statem.loop_state_callback/11
    (stdlib 6.0) proc_lib.erl:329: :proc_lib.init_p_do_apply/3
Process Label: "db_conn_1"
Queue: [internal: {:connect, :init}]
Postponed: []
State: Postgrex.Protocol
Callback mode: &DBConnection.Connection.handle_event/4, state_enter: false
[error] :gen_statem #PID<0.723.0> terminating
** (KeyError) key :password not found in: [
  parameters: [],
  pool_index: 3,
  types: Postgrex.DefaultTypes,
  port: 5432,
  label: SimpleJournalSystem.Repo,
  pool: DBConnection.ConnectionPool,
  repo: SimpleJournalSystem.Repo,
  telemetry_prefix: [:simple_journal_system, :repo],
  otp_app: :simple_journal_system,
  timeout: 15000,
  username: "postgres",
  hostname: "localhost",
  database: "ojs_db_pg",
  stacktrace: true,
  show_sensitive_data_on_connection_error: true,
  pool_size: 10
]
    (elixir 1.17.3) lib/keyword.ex:602: Keyword.fetch!/2
    (postgrex 0.22.3) lib/postgrex/scram.ex:24: Postgrex.SCRAM.client_final/2
    (postgrex 0.22.3) lib/postgrex/protocol.ex:937: Postgrex.Protocol.auth_cont/4
    (postgrex 0.22.3) lib/postgrex/protocol.ex:774: Postgrex.Protocol.handshake/3
    (postgrex 0.22.3) lib/postgrex/protocol.ex:231: Postgrex.Protocol.connect_endpoints/6
    (db_connection 2.10.2) lib/db_connection/connection.ex:81: DBConnection.Connection.handle_event/4
    (stdlib 6.0) gen_statem.erl:3115: :gen_statem.loop_state_callback/11
    (stdlib 6.0) proc_lib.erl:329: :proc_lib.init_p_do_apply/3
Process Label: "db_conn_3"
Queue: [internal: {:connect, :init}]
Postponed: []
State: Postgrex.Protocol
Callback mode: &DBConnection.Connection.handle_event/4, state_enter: false
[error] :gen_statem #PID<0.725.0> terminating
** (KeyError) key :password not found in: [
  parameters: [],
  pool_index: 5,
  types: Postgrex.DefaultTypes,
  port: 5432,
  label: SimpleJournalSystem.Repo,
  pool: DBConnection.ConnectionPool,
  repo: SimpleJournalSystem.Repo,
  telemetry_prefix: [:simple_journal_system, :repo],
  otp_app: :simple_journal_system,
  timeout: 15000,
  username: "postgres",
  hostname: "localhost",
  database: "ojs_db_pg",
  stacktrace: true,
  show_sensitive_data_on_connection_error: true,
  pool_size: 10
]
    (elixir 1.17.3) lib/keyword.ex:602: Keyword.fetch!/2
    (postgrex 0.22.3) lib/postgrex/scram.ex:24: Postgrex.SCRAM.client_final/2
    (postgrex 0.22.3) lib/postgrex/protocol.ex:937: Postgrex.Protocol.auth_cont/4
    (postgrex 0.22.3) lib/postgrex/protocol.ex:774: Postgrex.Protocol.handshake/3
    (postgrex 0.22.3) lib/postgrex/protocol.ex:231: Postgrex.Protocol.connect_endpoints/6
    (db_connection 2.10.2) lib/db_connection/connection.ex:81: DBConnection.Connection.handle_event/4
    (stdlib 6.0) gen_statem.erl:3115: :gen_statem.loop_state_callback/11
    (stdlib 6.0) proc_lib.erl:329: :proc_lib.init_p_do_apply/3
Process Label: "db_conn_5"
Queue: [internal: {:connect, :init}]
Postponed: []
State: Postgrex.Protocol
Callback mode: &DBConnection.Connection.handle_event/4, state_enter: false
[error] :gen_statem #PID<0.722.0> terminating
** (KeyError) key :password not found in: [
  parameters: [],
  pool_index: 2,
  types: Postgrex.DefaultTypes,
  port: 5432,
  label: SimpleJournalSystem.Repo,
  pool: DBConnection.ConnectionPool,
  repo: SimpleJournalSystem.Repo,
  telemetry_prefix: [:simple_journal_system, :repo],
  otp_app: :simple_journal_system,
  timeout: 15000,
  username: "postgres",
  hostname: "localhost",
  database: "ojs_db_pg",
  stacktrace: true,
  show_sensitive_data_on_connection_error: true,
  pool_size: 10
]
    (elixir 1.17.3) lib/keyword.ex:602: Keyword.fetch!/2
    (postgrex 0.22.3) lib/postgrex/scram.ex:24: Postgrex.SCRAM.client_final/2
    (postgrex 0.22.3) lib/postgrex/protocol.ex:937: Postgrex.Protocol.auth_cont/4
    (postgrex 0.22.3) lib/postgrex/protocol.ex:774: Postgrex.Protocol.handshake/3
    (postgrex 0.22.3) lib/postgrex/protocol.ex:231: Postgrex.Protocol.connect_endpoints/6
    (db_connection 2.10.2) lib/db_connection/connection.ex:81: DBConnection.Connection.handle_event/4
    (stdlib 6.0) gen_statem.erl:3115: :gen_statem.loop_state_callback/11
    (stdlib 6.0) proc_lib.erl:329: :proc_lib.init_p_do_apply/3
Process Label: "db_conn_2"
Queue: [internal: {:connect, :init}]
Postponed: []
State: Postgrex.Protocol
Callback mode: &DBConnection.Connection.handle_event/4, state_enter: false
[error] :gen_statem #PID<0.724.0> terminating
** (KeyError) key :password not found in: [
  parameters: [],
  pool_index: 4,
  types: Postgrex.DefaultTypes,
  port: 5432,
  label: SimpleJournalSystem.Repo,
  pool: DBConnection.ConnectionPool,
  repo: SimpleJournalSystem.Repo,
  telemetry_prefix: [:simple_journal_system, :repo],
  otp_app: :simple_journal_system,
  timeout: 15000,
  username: "postgres",
  hostname: "localhost",
  database: "ojs_db_pg",
  stacktrace: true,
  show_sensitive_data_on_connection_error: true,
  pool_size: 10
]
    (elixir 1.17.3) lib/keyword.ex:602: Keyword.fetch!/2
    (postgrex 0.22.3) lib/postgrex/scram.ex:24: Postgrex.SCRAM.client_final/2
    (postgrex 0.22.3) lib/postgrex/protocol.ex:937: Postgrex.Protocol.auth_cont/4
    (postgrex 0.22.3) lib/postgrex/protocol.ex:774: Postgrex.Protocol.handshake/3
    (postgrex 0.22.3) lib/postgrex/protocol.ex:231: Postgrex.Protocol.connect_endpoints/6
    (db_connection 2.10.2) lib/db_connection/connection.ex:81: DBConnection.Connection.handle_event/4
    (stdlib 6.0) gen_statem.erl:3115: :gen_statem.loop_state_callback/11
    (stdlib 6.0) proc_lib.erl:329: :proc_lib.init_p_do_apply/3
Process Label: "db_conn_4"
Queue: [internal: {:connect, :init}]
Postponed: []
State: Postgrex.Protocol
Callback mode: &DBConnection.Connection.handle_event/4, state_enter: false
[error] :gen_statem #PID<0.726.0> terminating
** (KeyError) key :password not found in: [
  parameters: [],
  pool_index: 6,
  types: Postgrex.DefaultTypes,
  port: 5432,
  label: SimpleJournalSystem.Repo,
  pool: DBConnection.ConnectionPool,
  repo: SimpleJournalSystem.Repo,
  telemetry_prefix: [:simple_journal_system, :repo],
  otp_app: :simple_journal_system,
  timeout: 15000,
  username: "postgres",
  hostname: "localhost",
  database: "ojs_db_pg",
  stacktrace: true,
  show_sensitive_data_on_connection_error: true,
  pool_size: 10
]
    (elixir 1.17.3) lib/keyword.ex:602: Keyword.fetch!/2
    (postgrex 0.22.3) lib/postgrex/scram.ex:24: Postgrex.SCRAM.client_final/2
    (postgrex 0.22.3) lib/postgrex/protocol.ex:937: Postgrex.Protocol.auth_cont/4
    (postgrex 0.22.3) lib/postgrex/protocol.ex:774: Postgrex.Protocol.handshake/3
    (postgrex 0.22.3) lib/postgrex/protocol.ex:231: Postgrex.Protocol.connect_endpoints/6
    (db_connection 2.10.2) lib/db_connection/connection.ex:81: DBConnection.Connection.handle_event/4
    (stdlib 6.0) gen_statem.erl:3115: :gen_statem.loop_state_callback/11
    (stdlib 6.0) proc_lib.erl:329: :proc_lib.init_p_do_apply/3
Process Label: "db_conn_6"
Queue: [internal: {:connect, :init}]
Postponed: []
State: Postgrex.Protocol
Callback mode: &DBConnection.Connection.handle_event/4, state_enter: false
[error] :gen_statem #PID<0.727.0> terminating
** (KeyError) key :password not found in: [
  parameters: [],
  pool_index: 7,
  types: Postgrex.DefaultTypes,
  port: 5432,
  label: SimpleJournalSystem.Repo,
  pool: DBConnection.ConnectionPool,
  repo: SimpleJournalSystem.Repo,
  telemetry_prefix: [:simple_journal_system, :repo],
  otp_app: :simple_journal_system,
  timeout: 15000,
  username: "postgres",
  hostname: "localhost",
  database: "ojs_db_pg",
  stacktrace: true,
  show_sensitive_data_on_connection_error: true,
  pool_size: 10
]
    (elixir 1.17.3) lib/keyword.ex:602: Keyword.fetch!/2
    (postgrex 0.22.3) lib/postgrex/scram.ex:24: Postgrex.SCRAM.client_final/2
    (postgrex 0.22.3) lib/postgrex/protocol.ex:937: Postgrex.Protocol.auth_cont/4
    (postgrex 0.22.3) lib/postgrex/protocol.ex:774: Postgrex.Protocol.handshake/3
    (postgrex 0.22.3) lib/postgrex/protocol.ex:231: Postgrex.Protocol.connect_endpoints/6
    (db_connection 2.10.2) lib/db_connection/connection.ex:81: DBConnection.Connection.handle_event/4
    (stdlib 6.0) gen_statem.erl:3115: :gen_statem.loop_state_callback/11
    (stdlib 6.0) proc_lib.erl:329: :proc_lib.init_p_do_apply/3
Process Label: "db_conn_7"
Queue: [internal: {:connect, :init}]
Postponed: []
State: Postgrex.Protocol
Callback mode: &DBConnection.Connection.handle_event/4, state_enter: false
[error] :gen_statem #PID<0.729.0> terminating
** (KeyError) key :password not found in: [
  parameters: [],
  pool_index: 9,
  types: Postgrex.DefaultTypes,
  port: 5432,
  label: SimpleJournalSystem.Repo,
  pool: DBConnection.ConnectionPool,
  repo: SimpleJournalSystem.Repo,
  telemetry_prefix: [:simple_journal_system, :repo],
  otp_app: :simple_journal_system,
  timeout: 15000,
  username: "postgres",
  hostname: "localhost",
  database: "ojs_db_pg",
  stacktrace: true,
  show_sensitive_data_on_connection_error: true,
  pool_size: 10
]
    (elixir 1.17.3) lib/keyword.ex:602: Keyword.fetch!/2
    (postgrex 0.22.3) lib/postgrex/scram.ex:24: Postgrex.SCRAM.client_final/2
    (postgrex 0.22.3) lib/postgrex/protocol.ex:937: Postgrex.Protocol.auth_cont/4
    (postgrex 0.22.3) lib/postgrex/protocol.ex:774: Postgrex.Protocol.handshake/3
    (postgrex 0.22.3) lib/postgrex/protocol.ex:231: Postgrex.Protocol.connect_endpoints/6
    (db_connection 2.10.2) lib/db_connection/connection.ex:81: DBConnection.Connection.handle_event/4
    (stdlib 6.0) gen_statem.erl:3115: :gen_statem.loop_state_callback/11
    (stdlib 6.0) proc_lib.erl:329: :proc_lib.init_p_do_apply/3
Process Label: "db_conn_9"
Queue: [internal: {:connect, :init}]
Postponed: []
State: Postgrex.Protocol
Callback mode: &DBConnection.Connection.handle_event/4, state_enter: false
[error] :gen_statem #PID<0.733.0> terminating
** (KeyError) key :password not found in: [
  parameters: [],
  pool_index: 5,
  types: Postgrex.DefaultTypes,
  port: 5432,
  label: SimpleJournalSystem.Repo,
  pool: DBConnection.ConnectionPool,
  repo: SimpleJournalSystem.Repo,
  telemetry_prefix: [:simple_journal_system, :repo],
  otp_app: :simple_journal_system,
  timeout: 15000,
  username: "postgres",
  hostname: "localhost",
  database: "ojs_db_pg",
  stacktrace: true,
  show_sensitive_data_on_connection_error: true,
  pool_size: 10
]
    (elixir 1.17.3) lib/keyword.ex:602: Keyword.fetch!/2
    (postgrex 0.22.3) lib/postgrex/scram.ex:24: Postgrex.SCRAM.client_final/2
    (postgrex 0.22.3) lib/postgrex/protocol.ex:937: Postgrex.Protocol.auth_cont/4
    (postgrex 0.22.3) lib/postgrex/protocol.ex:774: Postgrex.Protocol.handshake/3
    (postgrex 0.22.3) lib/postgrex/protocol.ex:231: Postgrex.Protocol.connect_endpoints/6
    (db_connection 2.10.2) lib/db_connection/connection.ex:81: DBConnection.Connection.handle_event/4
    (stdlib 6.0) gen_statem.erl:3115: :gen_statem.loop_state_callback/11
    (stdlib 6.0) proc_lib.erl:329: :proc_lib.init_p_do_apply/3
Process Label: "db_conn_5"
Queue: [internal: {:connect, :init}]
Postponed: []
State: Postgrex.Protocol
Callback mode: &DBConnection.Connection.handle_event/4, state_enter: false
[error] :gen_statem #PID<0.731.0> terminating
** (KeyError) key :password not found in: [
  parameters: [],
  pool_index: 1,
  types: Postgrex.DefaultTypes,
  port: 5432,
  label: SimpleJournalSystem.Repo,
  pool: DBConnection.ConnectionPool,
  repo: SimpleJournalSystem.Repo,
  telemetry_prefix: [:simple_journal_system, :repo],
  otp_app: :simple_journal_system,
  timeout: 15000,
  username: "postgres",
  hostname: "localhost",
  database: "ojs_db_pg",
  stacktrace: true,
  show_sensitive_data_on_connection_error: true,
  pool_size: 10
]
    (elixir 1.17.3) lib/keyword.ex:602: Keyword.fetch!/2
    (postgrex 0.22.3) lib/postgrex/scram.ex:24: Postgrex.SCRAM.client_final/2
    (postgrex 0.22.3) lib/postgrex/protocol.ex:937: Postgrex.Protocol.auth_cont/4
    (postgrex 0.22.3) lib/postgrex/protocol.ex:774: Postgrex.Protocol.handshake/3
    (postgrex 0.22.3) lib/postgrex/protocol.ex:231: Postgrex.Protocol.connect_endpoints/6
    (db_connection 2.10.2) lib/db_connection/connection.ex:81: DBConnection.Connection.handle_event/4
    (stdlib 6.0) gen_statem.erl:3115: :gen_statem.loop_state_callback/11
    (stdlib 6.0) proc_lib.erl:329: :proc_lib.init_p_do_apply/3
Process Label: "db_conn_1"
Queue: [internal: {:connect, :init}]
Postponed: []
State: Postgrex.Protocol
Callback mode: &DBConnection.Connection.handle_event/4, state_enter: false
[error] :gen_statem #PID<0.728.0> terminating
** (KeyError) key :password not found in: [
  parameters: [],
  pool_index: 8,
  types: Postgrex.DefaultTypes,
  port: 5432,
  label: SimpleJournalSystem.Repo,
  pool: DBConnection.ConnectionPool,
  repo: SimpleJournalSystem.Repo,
  telemetry_prefix: [:simple_journal_system, :repo],
  otp_app: :simple_journal_system,
  timeout: 15000,
  username: "postgres",
  hostname: "localhost",
  database: "ojs_db_pg",
  stacktrace: true,
  show_sensitive_data_on_connection_error: true,
  pool_size: 10
]
    (elixir 1.17.3) lib/keyword.ex:602: Keyword.fetch!/2
    (postgrex 0.22.3) lib/postgrex/scram.ex:24: Postgrex.SCRAM.client_final/2
    (postgrex 0.22.3) lib/postgrex/protocol.ex:937: Postgrex.Protocol.auth_cont/4
    (postgrex 0.22.3) lib/postgrex/protocol.ex:774: Postgrex.Protocol.handshake/3
    (postgrex 0.22.3) lib/postgrex/protocol.ex:231: Postgrex.Protocol.connect_endpoints/6
    (db_connection 2.10.2) lib/db_connection/connection.ex:81: DBConnection.Connection.handle_event/4
    (stdlib 6.0) gen_statem.erl:3115: :gen_statem.loop_state_callback/11
    (stdlib 6.0) proc_lib.erl:329: :proc_lib.init_p_do_apply/3
Process Label: "db_conn_8"
Queue: [internal: {:connect, :init}]
Postponed: []
State: Postgrex.Protocol
Callback mode: &DBConnection.Connection.handle_event/4, state_enter: false
[error] :gen_statem #PID<0.732.0> terminating
** (KeyError) key :password not found in: [
  parameters: [],
  pool_index: 3,
  types: Postgrex.DefaultTypes,
  port: 5432,
  label: SimpleJournalSystem.Repo,
  pool: DBConnection.ConnectionPool,
  repo: SimpleJournalSystem.Repo,
  telemetry_prefix: [:simple_journal_system, :repo],
  otp_app: :simple_journal_system,
  timeout: 15000,
  username: "postgres",
  hostname: "localhost",
  database: "ojs_db_pg",
  stacktrace: true,
  show_sensitive_data_on_connection_error: true,
  pool_size: 10
]
    (elixir 1.17.3) lib/keyword.ex:602: Keyword.fetch!/2
    (postgrex 0.22.3) lib/postgrex/scram.ex:24: Postgrex.SCRAM.client_final/2
    (postgrex 0.22.3) lib/postgrex/protocol.ex:937: Postgrex.Protocol.auth_cont/4
    (postgrex 0.22.3) lib/postgrex/protocol.ex:774: Postgrex.Protocol.handshake/3
    (postgrex 0.22.3) lib/postgrex/protocol.ex:231: Postgrex.Protocol.connect_endpoints/6
    (db_connection 2.10.2) lib/db_connection/connection.ex:81: DBConnection.Connection.handle_event/4
    (stdlib 6.0) gen_statem.erl:3115: :gen_statem.loop_state_callback/11
    (stdlib 6.0) proc_lib.erl:329: :proc_lib.init_p_do_apply/3
Process Label: "db_conn_3"
Queue: [internal: {:connect, :init}]
Postponed: []
State: Postgrex.Protocol
Callback mode: &DBConnection.Connection.handle_event/4, state_enter: false
[error] :gen_statem #PID<0.730.0> terminating
** (KeyError) key :password not found in: [
  parameters: [],
  pool_index: 10,
  types: Postgrex.DefaultTypes,
  port: 5432,
  label: SimpleJournalSystem.Repo,
  pool: DBConnection.ConnectionPool,
  repo: SimpleJournalSystem.Repo,
  telemetry_prefix: [:simple_journal_system, :repo],
  otp_app: :simple_journal_system,
  timeout: 15000,
  username: "postgres",
  hostname: "localhost",
  database: "ojs_db_pg",
  stacktrace: true,
  show_sensitive_data_on_connection_error: true,
  pool_size: 10
]
    (elixir 1.17.3) lib/keyword.ex:602: Keyword.fetch!/2
    (postgrex 0.22.3) lib/postgrex/scram.ex:24: Postgrex.SCRAM.client_final/2
    (postgrex 0.22.3) lib/postgrex/protocol.ex:937: Postgrex.Protocol.auth_cont/4
    (postgrex 0.22.3) lib/postgrex/protocol.ex:774: Postgrex.Protocol.handshake/3
    (postgrex 0.22.3) lib/postgrex/protocol.ex:231: Postgrex.Protocol.connect_endpoints/6
    (db_connection 2.10.2) lib/db_connection/connection.ex:81: DBConnection.Connection.handle_event/4
    (stdlib 6.0) gen_statem.erl:3115: :gen_statem.loop_state_callback/11
    (stdlib 6.0) proc_lib.erl:329: :proc_lib.init_p_do_apply/3
Process Label: "db_conn_10"
Queue: [internal: {:connect, :init}]
Postponed: []
State: Postgrex.Protocol
Callback mode: &DBConnection.Connection.handle_event/4, state_enter: false
[notice] Application simple_journal_system exited: shutdown
